City:
       0   1   2   3      4   5   6   7   8      9
0  [P01]  []  []  []     []  []  []  []  []     []
1     []  []  []  []     []  []  []  []  []     []
2     []  []  []  []     []  []  []  []  []     []
3     []  []  []  []     []  []  []  []  []     []
4     []  []  []  []  [B01]  []  []  []  []     []
5     []  []  []  []     []  []  []  []  []     []
6     []  []  []  []     []  []  []  []  []     []
7     []  []  []  []     []  []  []  []  []     []
8     []  []  []  []     []  []  []  []  []     []
9     []  []  []  []  [P02]  []  []  []  []  [P03]
-------
Output:
B01_1 P01_1 8
B01_2 P02_1 5
B01_3 P03_1 10
B01_4 P03_2 10
B01_5 P03_3 10
B01_6 P03_4 10
B01_7 P03_5 10
B01_8 P03_6 10
B01_9 P03_7 10
Celkem: 83
