City:
    0      1   2   3      4
0  []     []  []  []  [P01]
1  []  [B01]  []  []  [P02]
2  []     []  []  []  [P03]
-------
Output:
B01_1 P01_1 4
B01_2 P02_1 3
B01_3 P03_1 4
Celkem: 11
