City:
       0   1   2   3      4
0  [B01]  []  []  []  [P01]
1     []  []  []  []  [P02]
2     []  []  []  []  [P03]
-------
Output:
B01_1 P01_1 4
B01_2 P02_1 5
B01_3 P03_1 6
Celkem: 15
