BRNO -> PRAHA
OSTRAVA -> PRAHA
PRAHA -> BRNO
olomouc -> praha
----
brno -> praha
praha -> brno
