Task 1:
Honza (2)
Anna (2)
Tomas (2)
Pepa (1)
Jarek (1)

Task 2:
Honza, Anna, Tomas (2)
