Group size: 40
D01: 10D02: 10
D03: 20D04: ]15[
D05: 10D06: ]5[
D07: 10D08: 20
D09: ]25[
Time: 7
