B02_1 P01_1 4
B02_2 P01_2 4
B02_3 P02_1 1
B02_4 P02_2 1
B02_5 P02_3 1
B01_1 P03_1 2
B01_2 P03_2 2
B01_3 P04_1 2
B01_4 P04_2 2
B01_5 P04_3 2
Celkem: 21
