B01_1 P01_1 4
B01_2 P01_2 4
B01_3 P01_3 4
B02_1 P02_1 4
B02_2 P02_2 4
B02_3 P02_3 4
B03_1 P03_1 4
B03_2 P03_2 4
B03_3 P03_3 4
Celkem: 36
