B01_1 P01_1 4
B01_2 P02_1 5
B01_3 P03_1 6
Celkem: 15
