B02_1 P01_1 3
B02_2 P02_1 1
B01_1 P03_1 1
B02_3 P04_1 3
B01_2 P05_1 1
B01_3 P05_2 1
Celkem: 10
